{"at":"2026-10-05T15:40:03.486Z","port":18975,"left":"12583625","event":"started","returned":[]}
{"at":"2026-10-05T15:40:03.490Z","port":18974,"left":"0","event":"started","returned":[18975]}
{"at":"2026-10-05T15:41:29.282Z","port":18974,"left":"0","event":"started","returned":[18975]}
{"at":"2026-10-05T15:41:54.577Z","port":18975,"left":"12583625","event":"started","returned":[18974]}
{"at":"2026-10-05T15:41:55.817Z","port":18975,"left":"0","event":"completed","returned":[18974]}
{"at":"2026-10-05T15:41:55.862Z","port":18975,"left":"0","event":"stopped","returned":[18974]}
{"at":"2026-10-05T15:44:33.361Z","port":18974,"left":"0","event":"started","returned":[]}
{"at":"2026-10-05T15:44:38.579Z","port":18975,"left":"12583625","event":"started","returned":[18974]}
{"at":"2026-10-05T15:44:44.634Z","port":18975,"left":"10486473","event":"stopped","returned":[18974]}
{"at":"2026-10-05T15:47:41.764Z","port":18974,"left":"0","event":"started","returned":[]}
{"at":"2026-10-05T15:48:03.539Z","port":18975,"left":"12583625","event":"started","returned":[18974]}
{"at":"2026-10-05T15:48:09.334Z","port":18975,"left":"10486473","event":"stopped","returned":[18974]}
{"at":"2026-10-05T15:48:13.358Z","port":18975,"left":"10486473","event":"started","returned":[18974]}
{"at":"2026-10-05T15:48:13.625Z","port":18975,"left":"10486473","event":"stopped","returned":[18974]}
{"at":"2026-10-05T15:49:12.606Z","port":18975,"left":"10486473","event":"started","returned":[18974]}
{"at":"2026-10-05T15:49:33.401Z","port":18975,"left":"0","event":"completed","returned":[18974]}
{"at":"2026-10-05T15:49:33.443Z","port":18975,"left":"0","event":"stopped","returned":[18974]}
{"at":"2026-10-05T15:50:05.984Z","port":18975,"left":"16384","event":"started","returned":[18974]}
{"at":"2026-10-05T15:50:30.599Z","port":18975,"left":"0","event":"completed","returned":[18974]}
{"at":"2026-10-05T15:50:30.684Z","port":18975,"left":"0","event":"stopped","returned":[18974]}
{"at":"2026-10-05T15:52:41.716Z","port":18974,"left":"0","event":null,"returned":[]}
{"at":"2026-10-05T15:55:11.363Z","port":1500,"left":"12583625","event":"started","returned":[18974]}
{"at":"2026-10-05T15:55:36.586Z","port":1500,"left":"0","event":"completed","returned":[18974]}
{"at":"2026-10-05T15:57:41.629Z","port":18974,"left":"0","event":null,"returned":[1500]}
